[33mÔØ»[39m Building...
[32mÔ£ö[39m Building...
[1mInitial chunk files[22m[2m | [22m[1mNames[22m        [2m | [22m[1mRaw size[22m[2m | [22m[1mEstimated transfer size[22m
[32mmain-P66QXKHM.js[39m   [2m | [22m[2mmain[22m         [2m | [22m [36m1.03 MB[39m[2m | [22m              [36m235.53 kB[39m
[32mstyles-5INURTSO.css[39m[2m | [22m[2mstyles[22m       [2m | [22m [36m0 bytes[39m[2m | [22m                [36m0 bytes[39m

[1m [22m                  [2m | [22m[1mInitial total[22m[2m | [22m [1m[91m1.03 MB[39m[22m[2m | [22m              [1m235.53 kB[22m

Application bundle generation failed. [3.511 seconds] - 2026-02-05T17:52:39.775Z

node.exe : 
[1m[33m[33mÔû▓ [43;33m[
[43;30mWARNING[43;33m][0
m [1mbundle initial 
exceeded maximum budget. 
Budget 500.00 kB was not 
met by 532.47 kB with a 
total of 1.03 MB.[0m
En C:\Users\luisj\AppData\R
oaming\npm\ng.ps1: 24 
Carácter: 5
+     & "node$exe"  "$based
ir/node_modules/@angular/cl
i/bin/ng.js" $arg ...
+     ~~~~~~~~~~~~~~~~~~~~~
~~~~~~~~~~~~~~~~~~~~~~~~~~~
~~~~~~~~~~~~~~~~~
    + CategoryInfo         
     : NotSpecified: ([1  
  m[33m[33mÔ...of 1.03   
  MB.[0m:String) [], R    
emoteException
    + FullyQualifiedErrorI 
   d : NativeCommandError
 


[33mÔû▓ [43;33m[[43;30mW
ARNING[43;33m][0m [1mang
ular:styles/component:css;f
e577915cf330f52850a02340c0f
14588521854721ab1b198c86abf
7839f67ef;C:/Users/luisj/.g
emini/antigravity/scratch/r
pm-face-tracking-angular/sr
c/app/pages/live/live.compo
nent.ts exceeded maximum 
budget. Budget 4.00 kB was 
not met by 4.77 kB with a 
total of 8.77 kB.[0m

[39m[22m
[1m[31m[31mX [41;31m[[
41;97mERROR[41;31m][0m 
[1mbundle initial 
exceeded maximum budget. 
Budget 1.00 MB was not met 
by 32.47 kB with a total 
of 1.03 MB.[0m


[31mX [41;31m[[41;97mERR
OR[41;31m][0m [1mangular
:styles/component:css;fe577
915cf330f52850a02340c0f1458
8521854721ab1b198c86abf7839
f67ef;C:/Users/luisj/.gemin
i/antigravity/scratch/rpm-f
ace-tracking-angular/src/ap
p/pages/live/live.component
.ts exceeded maximum 
budget. Budget 8.00 kB was 
not met by 774 bytes with 
a total of 8.77 kB.[0m

[39m[22m
